[root@master kubernetes]# useradd ansible
[root@master kubernetes]# passwd ansible
Changing password for user ansible.
New password: 
BAD PASSWORD: The password is shorter than 8 characters
Retype new password: 
passwd: all authentication tokens updated successfully.
[root@master kubernetes]# 
[root@master kubernetes]# 
[root@master kubernetes]# su - ansible 
[ansible@master ~]$ 
[ansible@master ~]$ 
[ansible@master ~]$ ssh-keygen 
Generating public/private rsa key pair.
Enter file in which to save the key (/home/ansible/.ssh/id_rsa): 
Created directory '/home/ansible/.ssh'.
Enter passphrase (empty for no passphrase): 
Enter same passphrase again: 
Your identification has been saved in /home/ansible/.ssh/id_rsa.
Your public key has been saved in /home/ansible/.ssh/id_rsa.pub.
The key fingerprint is:
SHA256:j5fmysHQ/I4WPEwp3GMBo/iJGw2ZTfLbb0/yAoAaT14 ansible@master
The key's randomart image is:
+---[RSA 3072]----+
|  . . o.         |
|   O . ..        |
|  =.+. . o       |
|. o=E+oo*        |
| *o.=.o*S.       |
|. oo  .+=+ .     |
|  .    .BoB      |
|       oo%       |
|       .+o=      |
+----[SHA256]-----+
[ansible@master ~]$ 
[ansible@master ~]$ 
[ansible@master ~]$ ssh-copy-id node1
/usr/bin/ssh-copy-id: INFO: Source of key(s) to be installed: "/home/ansible/.ssh/id_rsa.pub"
The authenticity of host 'node1 (10.0.11.168)' can't be established.
ECDSA key fingerprint is SHA256:Z5i9iLFXxwqbpx8od9pqF7QSxc2lImgnTxbTFm+tRbk.
Are you sure you want to continue connecting (yes/no/[fingerprint])? yes
/usr/bin/ssh-copy-id: INFO: attempting to log in with the new key(s), to filter out any that are already installed
/usr/bin/ssh-copy-id: INFO: 1 key(s) remain to be installed -- if you are prompted now it is to install the new keys
ansible@node1's password: 

Number of key(s) added: 1

Now try logging into the machine, with:   "ssh 'node1'"
and check to make sure that only the key(s) you wanted were added.

[ansible@master ~]$ ssh-copy-id node2
/usr/bin/ssh-copy-id: INFO: Source of key(s) to be installed: "/home/ansible/.ssh/id_rsa.pub"
The authenticity of host 'node2 (10.0.11.169)' can't be established.
ECDSA key fingerprint is SHA256:Z5i9iLFXxwqbpx8od9pqF7QSxc2lImgnTxbTFm+tRbk.
Are you sure you want to continue connecting (yes/no/[fingerprint])? yes
/usr/bin/ssh-copy-id: INFO: attempting to log in with the new key(s), to filter out any that are already installed
/usr/bin/ssh-copy-id: INFO: 1 key(s) remain to be installed -- if you are prompted now it is to install the new keys
ansible@node2's password: 

Number of key(s) added: 1

Now try logging into the machine, with:   "ssh 'node2'"
and check to make sure that only the key(s) you wanted were added.

[ansible@master ~]$ 
[ansible@master ~]$ 
[ansible@master ~]$ 
[ansible@master ~]$ ssh node1
Activate the web console with: systemctl enable --now cockpit.socket

[ansible@node1 ~]$ 
[ansible@node1 ~]$ logout
Connection to node1 closed.
[ansible@master ~]$ ssh node2
Activate the web console with: systemctl enable --now cockpit.socket

[ansible@node2 ~]$ logout
Connection to node2 closed.

[ansible@master ~]$ ansible --version
ansible [core 2.16.3]
  config file = /etc/ansible/ansible.cfg
  configured module search path = ['/home/ansible/.ansible/plugins/modules', '/usr/share/ansible/plugins/modules']
  ansible python module location = /usr/lib/python3.12/site-packages/ansible
  ansible collection location = /home/ansible/.ansible/collections:/usr/share/ansible/collections
  executable location = /usr/bin/ansible
  python version = 3.12.3 (main, Jul  2 2024, 20:57:30) [GCC 8.5.0 20210514 (Red Hat 8.5.0-22)] (/usr/bin/python3.12)
  jinja version = 3.1.2
  libyaml = True
[ansible@master ~]$ 
[ansible@master ~]$ 
[ansible@master ~]$ vim ansible.cfg
[ansible@master ~]$ 
[ansible@master ~]$ vim /home/ansible/myinventory
[ansible@master ~]$ 
[ansible@master ~]$ ansible --version
ansible [core 2.16.3]
  config file = /home/ansible/ansible.cfg
  configured module search path = ['/home/ansible/.ansible/plugins/modules', '/usr/share/ansible/plugins/modules']
  ansible python module location = /usr/lib/python3.12/site-packages/ansible
  ansible collection location = /home/ansible/.ansible/collections:/usr/share/ansible/collections
  executable location = /usr/bin/ansible
  python version = 3.12.3 (main, Jul  2 2024, 20:57:30) [GCC 8.5.0 20210514 (Red Hat 8.5.0-22)] (/usr/bin/python3.12)
  jinja version = 3.1.2
  libyaml = True

[ansible@master ~]$ vim /home/ansible/myinventory
[ansible@master ~]$ cat myinventory 
#node1.example.com node1 
#node2.example.com node2
node1
node2
[ansible@master ~]$ ansible all -m ping
node1 | SUCCESS => {
    "ansible_facts": {
        "discovered_interpreter_python": "/usr/libexec/platform-python"
    },
    "changed": false,
    "ping": "pong"
}
node2 | SUCCESS => {
    "ansible_facts": {
        "discovered_interpreter_python": "/usr/libexec/platform-python"
    },
    "changed": false,
    "ping": "pong"
}
[ansible@master ~]$ ansible -m user -a 'name=user21 state=present' node1
node1 | CHANGED => {
    "ansible_facts": {
        "discovered_interpreter_python": "/usr/libexec/platform-python"
    },
    "changed": true,
    "comment": "",
    "create_home": true,
    "group": 1003,
    "home": "/home/user21",
    "name": "user21",
    "shell": "/bin/bash",
    "state": "present",
    "system": false,
    "uid": 1003
}
[ansible@master ~]$ ansible -m command -a 'cat /etc/passwd|grep -i user21' node1
node1 | FAILED | rc=1 >>
cat: invalid option -- 'i'
Try 'cat --help' for more information.non-zero return code
[ansible@master ~]$ ansible -m shell -a "cat /etc/passwd|grep user21" node1
node1 | CHANGED | rc=0 >>
user21:x:1003:1003::/home/user21:/bin/bash

[ansible@master ~]$ vi sampleplay.yml
[ansible@master ~]$ cat sampleplay.yml 
- name: my first play
  hosts: node1.example.com
  tasks:
  - name: my first task
    user:
      name: user60
      state: present
  - name: my first pckg 
    yum:
      name: httpd
      state: present
[ansible@master ~]$ ansible-playbook simpleplay.yml  --syntax-check 
ERROR! the playbook: simpleplay.yml could not be found
[ansible@master ~]$ pwd
/home/ansible
[ansible@master ~]$ ls -lrt sampleplay.yml 
-rw-rw-r--. 1 ansible ansible 205 Aug 27 13:22 sampleplay.yml
[ansible@master ~]$ ansible-playbook sampleplay.yml  --syntax-check 
[WARNING]: Could not match supplied host pattern, ignoring: node1.example.com

playbook: sampleplay.yml
[ansible@master ~]$ vi sampleplay.yml 
[ansible@master ~]$ ansible-playbook sampleplay.yml  --syntax-check 

playbook: sampleplay.yml
[ansible@master ~]$ ansible-playbook sampleplay.yml

PLAY [my first play] ***************************************************************************************************************************

TASK [Gathering Facts] *************************************************************************************************************************
ok: [node1]

TASK [my first task] ***************************************************************************************************************************
changed: [node1]

TASK [my first pckg] ***************************************************************************************************************************
changed: [node1]

PLAY RECAP *************************************************************************************************************************************
node1                      : ok=3    changed=2    unreachable=0    failed=0    skipped=0    rescued=0    ignored=0   

[ansible@master ~]$ ansible node1 -m shell -a "cat /etc/passwd|grep user60,rpm -qa|grep httpd"
node1 | FAILED | rc=1 >>
non-zero return code
[ansible@master ~]$ ansible node1 -m shell -a "cat /etc/passwd|grep user60;rpm -qa|grep httpd"
node1 | CHANGED | rc=0 >>
user60:x:1004:1004::/home/user60:/bin/bash
httpd-tools-2.4.37-65.module+el8.10.0+1842+4a9649e8.2.x86_64
httpd-filesystem-2.4.37-65.module+el8.10.0+1842+4a9649e8.2.noarch
httpd-2.4.37-65.module+el8.10.0+1842+4a9649e8.2.x86_64
rocky-logos-httpd-86.3-1.el8.noarch
[ansible@master ~]$ ansible node1 -m shell -a "cat /etc/passwd|grep user60;\ echo "-----------";\rpm -qa|grep httpd"
node1 | CHANGED | rc=0 >>
user60:x:1004:1004::/home/user60:/bin/bash
httpd-tools-2.4.37-65.module+el8.10.0+1842+4a9649e8.2.x86_64
httpd-filesystem-2.4.37-65.module+el8.10.0+1842+4a9649e8.2.noarch
httpd-2.4.37-65.module+el8.10.0+1842+4a9649e8.2.x86_64
rocky-logos-httpd-86.3-1.el8.noarch/bin/sh:  echo: command not found
